src/controllers/authController.ts(2,30): error TS7016: Could not find a declaration file for module 'uuid'. 'C:/Users/ratho/OneDrive/Documents/client projects/matten/insightful-hr-main/server/node_modules/uuid/dist/index.js' implicitly has an 'any' type.
  Try `npm i --save-dev @types/uuid` if it exists or add a new declaration (.d.ts) file containing `declare module 'uuid';`
src/controllers/authController.ts(190,46): error TS2339: Property 'approvedByAdmin' does not exist on type 'Document<unknown, {}, UserDocument, {}, {}> & UserDocument & Required<{ _id: ObjectId; }> & { __v: number; }'.
src/controllers/authController.ts(205,7): error TS2322: Type 'ObjectId' is not assignable to type 'string'.
src/controllers/authController.ts(324,10): error TS2339: Property 'approvedByAdmin' does not exist on type 'Document<unknown, {}, UserDocument, {}, {}> & UserDocument & Required<{ _id: ObjectId; }> & { __v: number; }'.
src/controllers/dailyReportController.ts(2,30): error TS7016: Could not find a declaration file for module 'uuid'. 'C:/Users/ratho/OneDrive/Documents/client projects/matten/insightful-hr-main/server/node_modules/uuid/dist/index.js' implicitly has an 'any' type.
  Try `npm i --save-dev @types/uuid` if it exists or add a new declaration (.d.ts) file containing `declare module 'uuid';`
src/controllers/dailyReportController.ts(350,27): error TS2345: Argument of type 'string' is not assignable to parameter of type 'ObjectId'.
src/controllers/dailyReportController.ts(409,35): error TS2339: Property 'name' does not exist on type 'AuthPayload'.
src/controllers/holidayController.ts(2,30): error TS7016: Could not find a declaration file for module 'uuid'. 'C:/Users/ratho/OneDrive/Documents/client projects/matten/insightful-hr-main/server/node_modules/uuid/dist/index.js' implicitly has an 'any' type.
  Try `npm i --save-dev @types/uuid` if it exists or add a new declaration (.d.ts) file containing `declare module 'uuid';`
src/controllers/notificationController.ts(2,30): error TS7016: Could not find a declaration file for module 'uuid'. 'C:/Users/ratho/OneDrive/Documents/client projects/matten/insightful-hr-main/server/node_modules/uuid/dist/index.js' implicitly has an 'any' type.
  Try `npm i --save-dev @types/uuid` if it exists or add a new declaration (.d.ts) file containing `declare module 'uuid';`
src/controllers/notificationController.ts(25,40): error TS2352: Conversion of type 'ObjectId' to type 'string' may be a mistake because neither type sufficiently overlaps with the other. If this was intentional, convert the expression to 'unknown' first.
src/controllers/reportController.ts(2,30): error TS7016: Could not find a declaration file for module 'uuid'. 'C:/Users/ratho/OneDrive/Documents/client projects/matten/insightful-hr-main/server/node_modules/uuid/dist/index.js' implicitly has an 'any' type.
  Try `npm i --save-dev @types/uuid` if it exists or add a new declaration (.d.ts) file containing `declare module 'uuid';`
src/controllers/reportController.ts(196,12): error TS2339: Property 'responses' does not exist on type 'Document<unknown, {}, DailyReportDocument, {}, {}> & DailyReportDocument & Required<{ _id: string; }> & { __v: number; }'.
src/controllers/reportController.ts(206,7): error TS2322: Type '"acknowledged"' is not assignable to type '"pending" | "reviewed" | "submitted"'.
src/controllers/userController.ts(2,30): error TS7016: Could not find a declaration file for module 'uuid'. 'C:/Users/ratho/OneDrive/Documents/client projects/matten/insightful-hr-main/server/node_modules/uuid/dist/index.js' implicitly has an 'any' type.
  Try `npm i --save-dev @types/uuid` if it exists or add a new declaration (.d.ts) file containing `declare module 'uuid';`
src/controllers/userController.ts(118,53): error TS18047: 'attendance' is possibly 'null'.
src/controllers/userController.ts(238,29): error TS18047: 'task' is possibly 'null'.
src/controllers/userController.ts(379,32): error TS2339: Property 'name' does not exist on type 'AuthPayload'.
src/controllers/userController.ts(390,45): error TS18047: 'appraisal' is possibly 'null'.
src/models/Attendance.ts(8,5): error TS2322: Type '{ type: StringConstructor; }' is not assignable to type 'SchemaDefinitionProperty<ObjectId, AttendanceDocument, Document<unknown, {}, FlatRecord<AttendanceDocument>, {}, ResolveSchemaOptions<DefaultSchemaOptions>> & FlatRecord<...> & Required<...> & { ...; }> | undefined'.
  Types of property 'type' are incompatible.
    Type 'StringConstructor' is not assignable to type 'typeof Mixed | ObjectIdSchemaDefinition | undefined'.
      Type 'StringConstructor' is missing the following properties from type 'typeof ObjectId': schemaName, defaultOptions, cast, checkRequired, and 3 more.
src/models/Company.ts(8,5): error TS2322: Type '{ type: StringConstructor; }' is not assignable to type 'SchemaDefinitionProperty<ObjectId, CompanyDocument, Document<unknown, {}, FlatRecord<CompanyDocument>, {}, ResolveSchemaOptions<DefaultSchemaOptions>> & FlatRecord<...> & Required<...> & { ...; }> | undefined'.
  Types of property 'type' are incompatible.
    Type 'StringConstructor' is not assignable to type 'typeof Mixed | ObjectIdSchemaDefinition | undefined'.
      Type 'StringConstructor' is missing the following properties from type 'typeof ObjectId': schemaName, defaultOptions, cast, checkRequired, and 3 more.
src/models/DailyReport.ts(3,11): error TS2430: Interface 'DailyReportDocument' incorrectly extends interface 'Document<ObjectId, any, any, Record<string, any>, {}>'.
  Types of property '_id' are incompatible.
    Type 'string' is not assignable to type 'ObjectId'.
src/models/Holiday.ts(3,11): error TS2430: Interface 'HolidayDocument' incorrectly extends interface 'Document<ObjectId, any, any, Record<string, any>, {}>'.
  Types of property '_id' are incompatible.
    Type 'string' is not assignable to type 'ObjectId'.
src/models/Notification.ts(3,11): error TS2430: Interface 'NotificationDocument' incorrectly extends interface 'Document<ObjectId, any, any, Record<string, any>, {}>'.
  Types of property '_id' are incompatible.
    Type 'string' is not assignable to type 'ObjectId'.
src/models/Task.ts(8,5): error TS2322: Type '{ type: StringConstructor; }' is not assignable to type 'SchemaDefinitionProperty<ObjectId, TaskDocument, Document<unknown, {}, FlatRecord<TaskDocument>, {}, ResolveSchemaOptions<DefaultSchemaOptions>> & FlatRecord<...> & Required<...> & { ...; }> | undefined'.
  Types of property 'type' are incompatible.
    Type 'StringConstructor' is not assignable to type 'typeof Mixed | ObjectIdSchemaDefinition | undefined'.
      Type 'StringConstructor' is missing the following properties from type 'typeof ObjectId': schemaName, defaultOptions, cast, checkRequired, and 3 more.
src/models/User.ts(8,5): error TS2322: Type '{ type: StringConstructor; }' is not assignable to type 'SchemaDefinitionProperty<ObjectId, UserDocument, Document<unknown, {}, FlatRecord<UserDocument>, {}, ResolveSchemaOptions<DefaultSchemaOptions>> & FlatRecord<...> & Required<...> & { ...; }> | undefined'.
  Types of property 'type' are incompatible.
    Type 'StringConstructor' is not assignable to type 'typeof Mixed | ObjectIdSchemaDefinition | undefined'.
      Type 'StringConstructor' is missing the following properties from type 'typeof ObjectId': schemaName, defaultOptions, cast, checkRequired, and 3 more.
src/utils/auth.ts(18,14): error TS2769: No overload matches this call.
  Overload 1 of 5, '(payload: string | object | Buffer<ArrayBufferLike>, secretOrPrivateKey: null, options?: (SignOptions & { algorithm: "none"; }) | undefined): string', gave the following error.
    Argument of type 'string' is not assignable to parameter of type 'null'.
  Overload 2 of 5, '(payload: string | object | Buffer<ArrayBufferLike>, secretOrPrivateKey: Buffer<ArrayBufferLike> | Secret | PrivateKeyInput | JsonWebKeyInput, options?: SignOptions | undefined): string', gave the following error.
    Type 'string' is not assignable to type 'number | StringValue | undefined'.
  Overload 3 of 5, '(payload: string | object | Buffer<ArrayBufferLike>, secretOrPrivateKey: Buffer<ArrayBufferLike> | Secret | PrivateKeyInput | JsonWebKeyInput, callback: SignCallback): void', gave the following error.
    Object literal may only specify known properties, and 'expiresIn' does not exist in type 'SignCallback'.
